{"results": [{"email": "test@gmail.com", "status": "valid", "reason": ""}, {"email": "test@invalid-domain-xyz123.com", "status": "invalid", "reason": "Domain Not Found"}]}
